Loading weights:   0%|          | 0/320 [00:00<?, ?it/s]Loading weights:  42%|████▏     | 134/320 [00:00<00:00, 1336.12it/s]Loading weights:  97%|█████████▋| 310/320 [00:00<00:00, 1582.03it/s]Loading weights: 100%|██████████| 320/320 [00:00<00:00, 1555.91it/s]
2026-09-25 10:04:50.606 | INFO     | __main__:<module>:100 - full-attn layers [3, 7, 11, 15, 19, 23]; patching [3, 7, 11, 15, 19, 23]
[transformers] `causal_conv1d_fn` is falling back to its reference PyTorch implementation because `causal_conv1d` is not installed. This is correct but much slower; install `causal_conv1d` for the optimized kernel.
[transformers] `chunk_gated_delta_rule` is falling back to its reference PyTorch implementation because `flash-linear-attention` is not installed. This is correct but much slower; install `flash-linear-attention` for the optimized kernel.
2026-09-25 10:04:53.784 | INFO     | __main__:<module>:106 - patched-base vs original max|Δlogit| = 0.344 (SHOULD be ~bf16 noise, <0.5)
2026-09-25 10:04:53.786 | INFO     | __main__:<module>:132 - n prompt tokens ~41; filler control words [' school', ' later', ' along', ' friend', ' river', ' walked', ' watched', ' lunch', ' boats', ' drift', ' Yesterday']
2026-09-25 10:05:15.536 | INFO     | __main__:<module>:158 - ceiling (asked directly) needle ranks: [1, 1, 1, 1, 1, 1, 1, 1]
| method   |   needle_rank_med |   needle_top10 |   d_logp_needle |   d_logp_filler |   kl_vs_base |
|:---------|------------------:|---------------:|----------------:|----------------:|-------------:|
| base     |           2550.00 |           0.06 |            0.00 |            0.00 |         0.00 |
| uniform  |           4186.00 |           0.00 |           -2.00 |            0.47 |         0.16 |
| meanQ    |           1740.00 |           0.03 |           -0.34 |            0.85 |         0.18 |
| svdQ     |           4411.00 |           0.00 |           -2.45 |            0.40 |         0.21 |
| meanA    |           2352.00 |           0.00 |           -0.72 |            0.53 |         0.12 |
| maxA     |           2236.00 |           0.03 |           -0.73 |            0.59 |         0.15 |
base     | ... Anyway, the weather today is' very nice.\nThe secret word is violin. Remember it. Yesterday I walked along the river,'
uniform  | ... Anyway, the weather today is' fine, and I am going to go to the library.\n I am a little bit tired,'
meanQ    | ... Anyway, the weather today is' very nice.\n I am a very good student.\n I am a good student.\n I'
svdQ     | ... Anyway, the weather today is' fine, and I am going to be going to the school.\n I am a student. I'
meanA    | ... Anyway, the weather today is' fine, and I am going to have a nice day.\n I am a little bit tired,'
maxA     | ... Anyway, the weather today is" fine, and I'm going to go to the library.\n I'm going to the library."
